[MapSettings]
mapSize: [80, 80]
tileSize: 25
ceilingColor: [112, 112, 112, 255]
groundColor: [194, 194, 194, 255]

[TileDefinition]
STONE_WALL : {surface: "greystone.png"}
WOODEN_WALL: {surface: "wood.png"}
BLUE_WALL: {surface: "bluestone.png"}

[BillboardDefinition]
WABBIT: {surface: "wabbit_alpha.png"}

[BillboardPlacing]
Billboards : [
  [190, 60, "WABBIT"],
  [190, 190, "WABBIT"],
  [390, 190, "WABBIT"]
  [390, 330, "WABBIT"]
  [190, 330, "WABBIT"]
]

[TilePlacing]
Tiles : [
  # Upmost stone room

  [6, 1, "STONE_WALL"],
  [6, 2, "STONE_WALL"],
  [6, 3, "STONE_WALL"],
  [6, 4, "STONE_WALL"],
  [6, 5, "STONE_WALL"],
  [6, 6, "STONE_WALL"],
  [7, 1, "STONE_WALL"],
  [8, 1, "STONE_WALL"],
  [9, 1, "STONE_WALL"],
  [10, 1, "STONE_WALL"],
  [11, 1, "STONE_WALL"],
  [11, 2, "STONE_WALL"],
  [11, 3, "STONE_WALL"],
  [12, 4, "STONE_WALL"],
  [12, 5, "STONE_WALL"],
  [7, 6, "STONE_WALL"],
  [8, 6, "STONE_WALL"],
  [9, 6, "STONE_WALL"],
  [10, 6, "STONE_WALL"],
  [12, 6, "STONE_WALL"],
  

  # This is directly down of the upmost stone room

  [6, 7, "STONE_WALL"],
  [6, 8, "STONE_WALL"],
  [6, 9, "STONE_WALL"],
  [6, 10, "STONE_WALL"],
  [6, 11, "STONE_WALL"],
  [6, 12, "STONE_WALL"],
  [6, 13, "STONE_WALL"],
  [6, 14, "STONE_WALL"],
  [15, 14, "STONE_WALL"],
  [14, 14, "STONE_WALL"],
  [13, 14, "STONE_WALL"],
  [12, 14, "STONE_WALL"],
  [10, 14, "STONE_WALL"],
  [9, 14, "STONE_WALL"],
  [8, 14, "STONE_WALL"],
  [7, 14, "STONE_WALL"],
  [16, 6, "STONE_WALL"],
  [16, 7, "STONE_WALL"],
  [16, 8, "STONE_WALL"],
  [16, 9, "STONE_WALL"],
  [16, 11, "STONE_WALL"],
  [16, 12, "STONE_WALL"],
  [16, 13, "STONE_WALL"],
  [13, 6, "STONE_WALL"],
  [14, 6, "STONE_WALL"],
  [15, 6, "STONE_WALL"],
  # [11, 15, "BLUE_WALL"],


  # "Mario pipe" room (up left stone room)

  # Lower wall
  [17, 12, "STONE_WALL"],
  [18, 12, "STONE_WALL"],
  [19, 12, "STONE_WALL"],
  [20, 12, "STONE_WALL"],
  [21, 12, "STONE_WALL"],
  [22, 12, "STONE_WALL"],
  [23, 12, "STONE_WALL"],
  [24, 12, "STONE_WALL"],
  [24, 11, "STONE_WALL"],
  [24, 10, "STONE_WALL"],
  [24, 9, "STONE_WALL"],
  [24, 8, "STONE_WALL"],
  [23, 8, "STONE_WALL"],
  [22, 8, "STONE_WALL"],
  [22, 7, "STONE_WALL"],
  [22, 6, "STONE_WALL"],
  [23, 6, "STONE_WALL"],
  [24, 6, "STONE_WALL"],
  [25, 6, "STONE_WALL"],
  [26, 6, "STONE_WALL"],
  [27, 6, "STONE_WALL"],
  [28, 6, "STONE_WALL"],
  [29, 6, "STONE_WALL"],

  # Upper wall
  [17, 8, "STONE_WALL"],
  [18, 8, "STONE_WALL"],
  [18, 7, "STONE_WALL"],
  [18, 6, "STONE_WALL"],
  [18, 5, "STONE_WALL"],
  [18, 4, "STONE_WALL"],
  [18, 3, "STONE_WALL"],
  [18, 2, "STONE_WALL"],
  [19, 2, "STONE_WALL"],
  [20, 2, "STONE_WALL"],
  [21, 2, "STONE_WALL"],
  [22, 2, "STONE_WALL"],
  [23, 2, "STONE_WALL"],
  [24, 2, "STONE_WALL"],
  [25, 2, "STONE_WALL"],
  [26, 2, "STONE_WALL"],
  [27, 2, "STONE_WALL"],
  [28, 2, "STONE_WALL"],
  [29, 2, "STONE_WALL"],


  # Wood area

  [30, 0, "WOODEN_WALL"],
  [30, 1, "WOODEN_WALL"],
  [30, 2, "WOODEN_WALL"],
  [30, 3, "WOODEN_WALL"],
  [30, 5, "WOODEN_WALL"],
  [30, 6, "WOODEN_WALL"],
  [30, 7, "WOODEN_WALL"],
  [31, 8, "WOODEN_WALL"],
  [32, 8, "WOODEN_WALL"],
  [33, 8, "WOODEN_WALL"],
  [34, 8, "WOODEN_WALL"],
  [35, 8, "WOODEN_WALL"],
  [37, 8, "WOODEN_WALL"],
  [38, 8, "WOODEN_WALL"],
  [39, 8, "WOODEN_WALL"],
  [40, 8, "WOODEN_WALL"],
  [41, 8, "WOODEN_WALL"],
  [42, 8, "WOODEN_WALL"],
  [42, 7, "WOODEN_WALL"],
  [42, 6, "WOODEN_WALL"],
  [42, 5, "WOODEN_WALL"],
  [42, 3, "WOODEN_WALL"],
  [42, 2, "WOODEN_WALL"],
  [42, 1, "WOODEN_WALL"],
  [42, 0, "WOODEN_WALL"],
  [31, 0, "WOODEN_WALL"],
  [32, 0, "WOODEN_WALL"],
  [33, 0, "WOODEN_WALL"],
  [34, 0, "WOODEN_WALL"],
  [35, 0, "WOODEN_WALL"],
  [36, 0, "WOODEN_WALL"],
  [37, 0, "WOODEN_WALL"],
  [38, 0, "WOODEN_WALL"],
  [39, 0, "WOODEN_WALL"],
  [40, 0, "WOODEN_WALL"],
  [41, 0, "WOODEN_WALL"],

  # Right room
  [43, 2, "WOODEN_WALL"],
  [44, 2, "WOODEN_WALL"],
  [45, 2, "WOODEN_WALL"],
  [46, 2, "WOODEN_WALL"],
  [43, 6, "WOODEN_WALL"],
  [44, 6, "WOODEN_WALL"],
  [45, 6, "WOODEN_WALL"],
  [46, 6, "WOODEN_WALL"],
  [46, 3, "WOODEN_WALL"],
  [46, 4, "WOODEN_WALL"],
  [46, 5, "WOODEN_WALL"],

  # Hallway
  [34, 9, "WOODEN_WALL"],
  [34, 10, "WOODEN_WALL"],
  [34, 11, "WOODEN_WALL"],
  [34, 12, "WOODEN_WALL"],
  [34, 13, "WOODEN_WALL"],
  [34, 14, "WOODEN_WALL"],
  [33, 14, "WOODEN_WALL"],
  [32, 14, "WOODEN_WALL"],
  [31, 14, "WOODEN_WALL"],
  [30, 14, "WOODEN_WALL"],
  [29, 14, "WOODEN_WALL"],
  [29, 15, "WOODEN_WALL"],
  [29, 16, "WOODEN_WALL"],
  [29, 17, "WOODEN_WALL"],
  [29, 18, "WOODEN_WALL"],
  [29, 19, "WOODEN_WALL"],
  [30, 19, "WOODEN_WALL"],
  [31, 19, "WOODEN_WALL"],
  [32, 19, "WOODEN_WALL"],
  [33, 19, "WOODEN_WALL"],
  [34, 19, "WOODEN_WALL"],
  [34, 18, "WOODEN_WALL"],
  [34, 17, "WOODEN_WALL"],
  [34, 16, "WOODEN_WALL"],
  [33, 16, "WOODEN_WALL"],
  [33, 17, "WOODEN_WALL"],
  [33, 18, "WOODEN_WALL"],
  [32, 18, "WOODEN_WALL"],
  [32, 17, "WOODEN_WALL"],
  [32, 16, "WOODEN_WALL"],
  [34, 20, "WOODEN_WALL"],
  [34, 21, "WOODEN_WALL"],
  [35, 21, "WOODEN_WALL"],
  [37, 21, "WOODEN_WALL"],
  [38, 21, "WOODEN_WALL"],
  [38, 20, "WOODEN_WALL"],
  [38, 19, "WOODEN_WALL"],
  [38, 18, "WOODEN_WALL"],
  [38, 17, "WOODEN_WALL"],
  [38, 16, "WOODEN_WALL"],
  [38, 16, "WOODEN_WALL"],
  [39, 16, "WOODEN_WALL"],
  [40, 16, "WOODEN_WALL"],
  [40, 15, "WOODEN_WALL"],
  [40, 14, "WOODEN_WALL"],
  [39, 14, "WOODEN_WALL"],
  [38, 14, "WOODEN_WALL"],
  [38, 13, "WOODEN_WALL"],
  [38, 12, "WOODEN_WALL"],
  [38, 11, "WOODEN_WALL"],
  [38, 10, "WOODEN_WALL"],
  [38, 9, "WOODEN_WALL"],

  # Stone room below wooden section
  [39, 21, "STONE_WALL"],
  [39, 22, "STONE_WALL"],
  [40, 22, "STONE_WALL"],
  [41, 22, "STONE_WALL"],
  [42, 22, "STONE_WALL"],
  [43, 22, "STONE_WALL"],
  [44, 22, "STONE_WALL"],
  [44, 23, "STONE_WALL"],
  [44, 24, "STONE_WALL"],
  [44, 28, "STONE_WALL"],
  [44, 29, "STONE_WALL"],
  [44, 30, "STONE_WALL"],
  [43, 30, "STONE_WALL"],
  [42, 30, "STONE_WALL"],
  [41, 30, "STONE_WALL"],
  [40, 30, "STONE_WALL"],
  [39, 30, "STONE_WALL"],

  [33, 21, "STONE_WALL"],
  [33, 22, "STONE_WALL"],
  [32, 22, "STONE_WALL"],
  [31, 22, "STONE_WALL"],
  [30, 22, "STONE_WALL"],
  [29, 22, "STONE_WALL"],
  [28, 22, "STONE_WALL"],
  [28, 23, "STONE_WALL"],
  [28, 24, "STONE_WALL"],
  [28, 25, "STONE_WALL"],
  [28, 26, "STONE_WALL"],
  [28, 27, "STONE_WALL"],
  [28, 28, "STONE_WALL"],
  [28, 29, "STONE_WALL"],
  [28, 30, "STONE_WALL"],
  [29, 30, "STONE_WALL"],
  [30, 30, "STONE_WALL"],
  [31, 30, "STONE_WALL"],
  [32, 30, "STONE_WALL"],
  [33, 30, "STONE_WALL"],
  [33, 31, "STONE_WALL"]


]
